// Jest Snapshot v1, https://goo.gl/fbAQLP

exports[`Header onPress prop should call a function 1`] = `
<View
  style={
    Object {
      "backgroundColor": "#18bc9c",
      "flexDirection": "row",
      "left": 0,
      "paddingTop": 20,
      "position": "relative",
      "right": 0,
      "top": 0,
    }
  }
>
  <View
    style={
      Object {
        "flex": 1,
        "marginBottom": 0,
        "paddingLeft": 10,
      }
    }
  >
    <Text
      accessible={true}
      allowFontScaling={true}
      disabled={false}
      ellipsizeMode="tail"
      style={
        Object {
          "color": "white",
          "fontSize": 20,
          "fontWeight": "bold",
        }
      }
    >
      The GroceryApp
    </Text>
  </View>
  <View
    accessibilityComponentType={undefined}
    accessibilityLabel={undefined}
    accessibilityTraits={undefined}
    accessible={true}
    collapsable={undefined}
    hitSlop={undefined}
    isTVSelectable={true}
    nativeID={undefined}
    onLayout={undefined}
    onResponderGrant={[Function]}
    onResponderMove={[Function]}
    onResponderRelease={[Function]}
    onResponderTerminate={[Function]}
    onResponderTerminationRequest={[Function]}
    onStartShouldSetResponder={[Function]}
    style={
      Object {
        "alignItems": "flex-end",
        "flex": 0.4,
        "opacity": 1,
        "paddingBottom": 5,
        "paddingHorizontal": 20,
      }
    }
    testID={undefined}
    tvParallaxProperties={undefined}
  >
    <Image
      resizeMode="contain"
      source={1}
      style={
        Object {
          "width": 18,
        }
      }
    />
  </View>
</View>
`;
