// Jest Snapshot v1, https://goo.gl/fbAQLP

exports[`renders a custom backgroundColor passed via props 1`] = `
<View
  style={
    Array [
      Object {
        "alignItems": "center",
        "backgroundColor": "transparent",
        "borderRadius": 15,
        "height": 30,
        "justifyContent": "center",
        "width": 30,
      },
      Object {
        "backgroundColor": "red",
      },
    ]
  }
>
  <Image
    resizeMode="contain"
    source={1}
    style={
      Object {
        "width": 18,
      }
    }
  />
</View>
`;
